// Jest Snapshot v1, https://goo.gl/fbAQLP

exports[`[Wallet Module] Create Wallet Unit Test Given a message, should call the consume method 1`] = `
{
  "amount": 10,
  "createdAt": 2011-07-12T03:00:00.000Z,
  "walletId": 1,
}
`;
